------------------------------------------------------------
Timing Analyzer Summary
------------------------------------------------------------

Type  : Slow 1100mV 85C Model Setup 'KEY[0]'
Slack : -5.745
TNS   : -627.875

Type  : Slow 1100mV 85C Model Hold 'KEY[0]'
Slack : 0.218
TNS   : 0.000

Type  : Slow 1100mV 85C Model Minimum Pulse Width 'KEY[0]'
Slack : -0.394
TNS   : -130.121

Type  : Slow 1100mV 85C Model Minimum Pulse Width 'CLOCK_50'
Slack : -0.394
TNS   : -8.458

Type  : Slow 1100mV 0C Model Setup 'KEY[0]'
Slack : -5.560
TNS   : -605.719

Type  : Slow 1100mV 0C Model Hold 'KEY[0]'
Slack : 0.280
TNS   : 0.000

Type  : Slow 1100mV 0C Model Minimum Pulse Width 'KEY[0]'
Slack : -0.394
TNS   : -117.325

Type  : Slow 1100mV 0C Model Minimum Pulse Width 'CLOCK_50'
Slack : -0.394
TNS   : -9.029

Type  : Fast 1100mV 85C Model Setup 'KEY[0]'
Slack : -3.802
TNS   : -283.964

Type  : Fast 1100mV 85C Model Hold 'KEY[0]'
Slack : 0.141
TNS   : 0.000

Type  : Fast 1100mV 85C Model Minimum Pulse Width 'KEY[0]'
Slack : -0.319
TNS   : -66.974

Type  : Fast 1100mV 85C Model Minimum Pulse Width 'CLOCK_50'
Slack : -0.088
TNS   : -1.385

Type  : Fast 1100mV 0C Model Setup 'KEY[0]'
Slack : -3.149
TNS   : -235.469

Type  : Fast 1100mV 0C Model Hold 'KEY[0]'
Slack : 0.145
TNS   : 0.000

Type  : Fast 1100mV 0C Model Minimum Pulse Width 'KEY[0]'
Slack : -0.317
TNS   : -66.040

Type  : Fast 1100mV 0C Model Minimum Pulse Width 'CLOCK_50'
Slack : -0.086
TNS   : -1.351

------------------------------------------------------------
